p2_measure_v1  2026-08-06 15:35:14.25

==============================================================
==============================================================
WARNING:tensorflow:From C:\Users\Eunmok Yang\.conda\envs\dcfnet-ds\Lib\site-packages\keras\src\backend\tensorflow\core.py:233: The name tf.placeholder is deprecated. Please use tf.compat.v1.placeholder instead.

Model: "dcfnet_ds"
+--------------------------------------------------------------------------+
| Layer (type)        | Output Shape      |    Param # | Connected to      |
|---------------------+-------------------+------------+-------------------|
| inputs (InputLayer) | (None, 43)        |          0 | -                 |
|---------------------+-------------------+------------+-------------------|
| scale_deg1          | (None, 43)        |          2 | inputs[0][0]      |
| (DegreeScale)       |                   |            |                   |
|---------------------+-------------------+------------+-------------------|
| cross_deg2_w        | (None, 43)        |      1,849 | scale_deg1[0][0]  |
| (Dense)             |                   |            |                   |
|---------------------+-------------------+------------+-------------------|
| cross_deg2          | (None, 43)        |          0 | inputs[0][0],     |
| (Multiply)          |                   |            | cross_deg2_w[0][・ |
|---------------------+-------------------+------------+-------------------|
| scale_deg2          | (None, 43)        |          2 | cross_deg2[0][0]  |
| (DegreeScale)       |                   |            |                   |
|---------------------+-------------------+------------+-------------------|
| cross_deg3_w        | (None, 43)        |      1,849 | scale_deg2[0][0]  |
| (Dense)             |                   |            |                   |
|---------------------+-------------------+------------+-------------------|
| cross_deg3          | (None, 43)        |          0 | inputs[0][0],     |
| (Multiply)          |                   |            | cross_deg3_w[0][・ |
|---------------------+-------------------+------------+-------------------|
| scale_deg3          | (None, 43)        |          2 | cross_deg3[0][0]  |
| (DegreeScale)       |                   |            |                   |
|---------------------+-------------------+------------+-------------------|
| cross_deg4_w        | (None, 43)        |      1,849 | scale_deg3[0][0]  |
| (Dense)             |                   |            |                   |
|---------------------+-------------------+------------+-------------------|
| cross_deg4          | (None, 43)        |          0 | inputs[0][0],     |
| (Multiply)          |                   |            | cross_deg4_w[0][・ |
|---------------------+-------------------+------------+-------------------|
| scale_deg4          | (None, 43)        |          2 | cross_deg4[0][0]  |
| (DegreeScale)       |                   |            |                   |
|---------------------+-------------------+------------+-------------------|
| logit_deg1 (Dense)  | (None, 8)         |        344 | scale_deg1[0][0]  |
|---------------------+-------------------+------------+-------------------|
| logit_deg2 (Dense)  | (None, 8)         |        344 | scale_deg2[0][0]  |
|---------------------+-------------------+------------+-------------------|
| logit_deg3 (Dense)  | (None, 8)         |        344 | scale_deg3[0][0]  |
|---------------------+-------------------+------------+-------------------|
| logit_deg4 (Dense)  | (None, 8)         |        344 | scale_deg4[0][0]  |
|---------------------+-------------------+------------+-------------------|
| logit_sum (Add)     | (None, 8)         |          0 | logit_deg1[0][0], |
|                     |                   |            | logit_deg2[0][0], |
|                     |                   |            | logit_deg3[0][0], |
|                     |                   |            | logit_deg4[0][0]  |
|---------------------+-------------------+------------+-------------------|
| logits (BiasAdd)    | (None, 8)         |          8 | logit_sum[0][0]   |
|---------------------+-------------------+------------+-------------------|
| probs (Activation)  | (None, 8)         |          0 | logits[0][0]      |
+--------------------------------------------------------------------------+
 Total params: 6,939 (27.11 KB)
 Trainable params: 6,931 (27.07 KB)
 Non-trainable params: 8 (32.00 B)
----------------------------------------------------------------------
trainable     : 6931
non-trainable : 8   (DegreeScale rms/step pairs)
total         : 6939
Table III must quote this total, and the paper must say which of the three numbers it means.

==============================================================
==============================================================
WARNING:tensorflow:From C:\Users\Eunmok Yang\.conda\envs\dcfnet-ds\Lib\site-packages\keras\src\backend\tensorflow\core.py:233: The name tf.placeholder is deprecated. Please use tf.compat.v1.placeholder instead.

Model: "dcfnet_ds"
+--------------------------------------------------------------------------+
| Layer (type)        | Output Shape      |    Param # | Connected to      |
|---------------------+-------------------+------------+-------------------|
| inputs (InputLayer) | (None, 47)        |          0 | -                 |
|---------------------+-------------------+------------+-------------------|
| scale_deg1          | (None, 47)        |          2 | inputs[0][0]      |
| (DegreeScale)       |                   |            |                   |
|---------------------+-------------------+------------+-------------------|
| cross_deg2_w        | (None, 47)        |      2,209 | scale_deg1[0][0]  |
| (Dense)             |                   |            |                   |
|---------------------+-------------------+------------+-------------------|
| cross_deg2          | (None, 47)        |          0 | inputs[0][0],     |
| (Multiply)          |                   |            | cross_deg2_w[0][・ |
|---------------------+-------------------+------------+-------------------|
| scale_deg2          | (None, 47)        |          2 | cross_deg2[0][0]  |
| (DegreeScale)       |                   |            |                   |
|---------------------+-------------------+------------+-------------------|
| cross_deg3_w        | (None, 47)        |      2,209 | scale_deg2[0][0]  |
| (Dense)             |                   |            |                   |
|---------------------+-------------------+------------+-------------------|
| cross_deg3          | (None, 47)        |          0 | inputs[0][0],     |
| (Multiply)          |                   |            | cross_deg3_w[0][・ |
|---------------------+-------------------+------------+-------------------|
| scale_deg3          | (None, 47)        |          2 | cross_deg3[0][0]  |
| (DegreeScale)       |                   |            |                   |
|---------------------+-------------------+------------+-------------------|
| cross_deg4_w        | (None, 47)        |      2,209 | scale_deg3[0][0]  |
| (Dense)             |                   |            |                   |
|---------------------+-------------------+------------+-------------------|
| cross_deg4          | (None, 47)        |          0 | inputs[0][0],     |
| (Multiply)          |                   |            | cross_deg4_w[0][・ |
|---------------------+-------------------+------------+-------------------|
| scale_deg4          | (None, 47)        |          2 | cross_deg4[0][0]  |
| (DegreeScale)       |                   |            |                   |
|---------------------+-------------------+------------+-------------------|
| logit_deg1 (Dense)  | (None, 10)        |        470 | scale_deg1[0][0]  |
|---------------------+-------------------+------------+-------------------|
| logit_deg2 (Dense)  | (None, 10)        |        470 | scale_deg2[0][0]  |
|---------------------+-------------------+------------+-------------------|
| logit_deg3 (Dense)  | (None, 10)        |        470 | scale_deg3[0][0]  |
|---------------------+-------------------+------------+-------------------|
| logit_deg4 (Dense)  | (None, 10)        |        470 | scale_deg4[0][0]  |
|---------------------+-------------------+------------+-------------------|
| logit_sum (Add)     | (None, 10)        |          0 | logit_deg1[0][0], |
|                     |                   |            | logit_deg2[0][0], |
|                     |                   |            | logit_deg3[0][0], |
|                     |                   |            | logit_deg4[0][0]  |
|---------------------+-------------------+------------+-------------------|
| logits (BiasAdd)    | (None, 10)        |         10 | logit_sum[0][0]   |
|---------------------+-------------------+------------+-------------------|
| probs (Activation)  | (None, 10)        |          0 | logits[0][0]      |
+--------------------------------------------------------------------------+
 Total params: 8,525 (33.30 KB)
 Trainable params: 8,517 (33.27 KB)
 Non-trainable params: 8 (32.00 B)
----------------------------------------------------------------------
trainable     : 8517
non-trainable : 8   (DegreeScale rms/step pairs)
total         : 8525
Table III must quote this total, and the paper must say which of the three numbers it means.

==============================================================
[3/9] parameters  CICIoT2023  m4g
==============================================================
WARNING:tensorflow:From C:\Users\Eunmok Yang\.conda\envs\dcfnet-ds\Lib\site-packages\keras\src\backend\tensorflow\core.py:233: The name tf.placeholder is deprecated. Please use tf.compat.v1.placeholder instead.

Model: "dcfnet_ds"
+--------------------------------------------------------------------------+
| Layer (type)        | Output Shape      |    Param # | Connected to      |
|---------------------+-------------------+------------+-------------------|
| inputs (InputLayer) | (None, 43)        |          0 | -                 |
|---------------------+-------------------+------------+-------------------|
| scale_deg1          | (None, 43)        |          2 | inputs[0][0]      |
| (DegreeScale)       |                   |            |                   |
|---------------------+-------------------+------------+-------------------|
| cross_deg2_w        | (None, 43)        |      1,849 | scale_deg1[0][0]  |
| (Dense)             |                   |            |                   |
|---------------------+-------------------+------------+-------------------|
| cross_deg2          | (None, 43)        |          0 | inputs[0][0],     |
| (Multiply)          |                   |            | cross_deg2_w[0][・ |
|---------------------+-------------------+------------+-------------------|
| scale_deg2          | (None, 43)        |          2 | cross_deg2[0][0]  |
| (DegreeScale)       |                   |            |                   |
|---------------------+-------------------+------------+-------------------|
| cross_deg3_w        | (None, 43)        |      1,849 | scale_deg2[0][0]  |
| (Dense)             |                   |            |                   |
|---------------------+-------------------+------------+-------------------|
| cross_deg3          | (None, 43)        |          0 | inputs[0][0],     |
| (Multiply)          |                   |            | cross_deg3_w[0][・ |
|---------------------+-------------------+------------+-------------------|
| scale_deg3          | (None, 43)        |          2 | cross_deg3[0][0]  |
| (DegreeScale)       |                   |            |                   |
|---------------------+-------------------+------------+-------------------|
| cross_deg4_w        | (None, 43)        |      1,849 | scale_deg3[0][0]  |
| (Dense)             |                   |            |                   |
|---------------------+-------------------+------------+-------------------|
| degree_logits       | (None, 4)         |        176 | inputs[0][0]      |
| (Dense)             |                   |            |                   |
|---------------------+-------------------+------------+-------------------|
| cross_deg4          | (None, 43)        |          0 | inputs[0][0],     |
| (Multiply)          |                   |            | cross_deg4_w[0][・ |
|---------------------+-------------------+------------+-------------------|
| degree_alpha        | (None, 4)         |          0 | degree_logits[0]・ |
| (Softmax)           |                   |            |                   |
|---------------------+-------------------+------------+-------------------|
| scale_deg4          | (None, 43)        |          2 | cross_deg4[0][0]  |
| (DegreeScale)       |                   |            |                   |
|---------------------+-------------------+------------+-------------------|
| get_item (GetItem)  | (None, 1)         |          0 | degree_alpha[0][・ |
|---------------------+-------------------+------------+-------------------|
| logit_deg1 (Dense)  | (None, 8)         |        344 | scale_deg1[0][0]  |
|---------------------+-------------------+------------+-------------------|
| get_item_1          | (None, 1)         |          0 | degree_alpha[0][・ |
| (GetItem)           |                   |            |                   |
|---------------------+-------------------+------------+-------------------|
| logit_deg2 (Dense)  | (None, 8)         |        344 | scale_deg2[0][0]  |
|---------------------+-------------------+------------+-------------------|
| get_item_2          | (None, 1)         |          0 | degree_alpha[0][・ |
| (GetItem)           |                   |            |                   |
|---------------------+-------------------+------------+-------------------|
| logit_deg3 (Dense)  | (None, 8)         |        344 | scale_deg3[0][0]  |
|---------------------+-------------------+------------+-------------------|
| get_item_3          | (None, 1)         |          0 | degree_alpha[0][・ |
| (GetItem)           |                   |            |                   |
|---------------------+-------------------+------------+-------------------|
| logit_deg4 (Dense)  | (None, 8)         |        344 | scale_deg4[0][0]  |
|---------------------+-------------------+------------+-------------------|
| gated_deg1          | (None, 8)         |          0 | get_item[0][0],   |
| (DegreeFusion)      |                   |            | logit_deg1[0][0]  |
|---------------------+-------------------+------------+-------------------|
| gated_deg2          | (None, 8)         |          0 | get_item_1[0][0], |
| (DegreeFusion)      |                   |            | logit_deg2[0][0]  |
|---------------------+-------------------+------------+-------------------|
| gated_deg3          | (None, 8)         |          0 | get_item_2[0][0], |
| (DegreeFusion)      |                   |            | logit_deg3[0][0]  |
|---------------------+-------------------+------------+-------------------|
| gated_deg4          | (None, 8)         |          0 | get_item_3[0][0], |
| (DegreeFusion)      |                   |            | logit_deg4[0][0]  |
|---------------------+-------------------+------------+-------------------|
| logit_sum (Add)     | (None, 8)         |          0 | gated_deg1[0][0], |
|                     |                   |            | gated_deg2[0][0], |
|                     |                   |            | gated_deg3[0][0], |
|                     |                   |            | gated_deg4[0][0]  |
|---------------------+-------------------+------------+-------------------|
| logits (BiasAdd)    | (None, 8)         |          8 | logit_sum[0][0]   |
|---------------------+-------------------+------------+-------------------|
| probs (Activation)  | (None, 8)         |          0 | logits[0][0]      |
+--------------------------------------------------------------------------+
 Total params: 7,115 (27.79 KB)
 Trainable params: 7,107 (27.76 KB)
 Non-trainable params: 8 (32.00 B)
----------------------------------------------------------------------
trainable     : 7107
non-trainable : 8   (DegreeScale rms/step pairs)
total         : 7115
Table III must quote this total, and the paper must say which of the three numbers it means.

==============================================================
[4/9] parameters  CICIoT2023  m4m
==============================================================
WARNING:tensorflow:From C:\Users\Eunmok Yang\.conda\envs\dcfnet-ds\Lib\site-packages\keras\src\backend\tensorflow\core.py:233: The name tf.placeholder is deprecated. Please use tf.compat.v1.placeholder instead.

Model: "dcfnet_ds"
+--------------------------------------------------------------------------+
| Layer (type)        | Output Shape      |    Param # | Connected to      |
|---------------------+-------------------+------------+-------------------|
| inputs (InputLayer) | (None, 43)        |          0 | -                 |
|---------------------+-------------------+------------+-------------------|
| scale_deg1          | (None, 43)        |          2 | inputs[0][0]      |
| (DegreeScale)       |                   |            |                   |
|---------------------+-------------------+------------+-------------------|
| cross_deg2_w        | (None, 43)        |      1,849 | scale_deg1[0][0]  |
| (Dense)             |                   |            |                   |
|---------------------+-------------------+------------+-------------------|
| cross_deg2          | (None, 43)        |          0 | inputs[0][0],     |
| (Multiply)          |                   |            | cross_deg2_w[0][・ |
|---------------------+-------------------+------------+-------------------|
| scale_deg2          | (None, 43)        |          2 | cross_deg2[0][0]  |
| (DegreeScale)       |                   |            |                   |
|---------------------+-------------------+------------+-------------------|
| cross_deg3_w        | (None, 43)        |      1,849 | scale_deg2[0][0]  |
| (Dense)             |                   |            |                   |
|---------------------+-------------------+------------+-------------------|
| cross_deg3          | (None, 43)        |          0 | inputs[0][0],     |
| (Multiply)          |                   |            | cross_deg3_w[0][・ |
|---------------------+-------------------+------------+-------------------|
| scale_deg3          | (None, 43)        |          2 | cross_deg3[0][0]  |
| (DegreeScale)       |                   |            |                   |
|---------------------+-------------------+------------+-------------------|
| dense (Dense)       | (None, 256)       |     11,264 | inputs[0][0]      |
|---------------------+-------------------+------------+-------------------|
| cross_deg4_w        | (None, 43)        |      1,849 | scale_deg3[0][0]  |
| (Dense)             |                   |            |                   |
|---------------------+-------------------+------------+-------------------|
| batch_normalization | (None, 256)       |      1,024 | dense[0][0]       |
| (BatchNormalizatio・ |                   |            |                   |
|---------------------+-------------------+------------+-------------------|
| cross_deg4          | (None, 43)        |          0 | inputs[0][0],     |
| (Multiply)          |                   |            | cross_deg4_w[0][・ |
|---------------------+-------------------+------------+-------------------|
| dropout (Dropout)   | (None, 256)       |          0 | batch_normalizat・ |
|---------------------+-------------------+------------+-------------------|
| scale_deg4          | (None, 43)        |          2 | cross_deg4[0][0]  |
| (DegreeScale)       |                   |            |                   |
|---------------------+-------------------+------------+-------------------|
| dense_1 (Dense)     | (None, 128)       |     32,896 | dropout[0][0]     |
|---------------------+-------------------+------------+-------------------|
| logit_deg1 (Dense)  | (None, 8)         |        344 | scale_deg1[0][0]  |
|---------------------+-------------------+------------+-------------------|
| logit_deg2 (Dense)  | (None, 8)         |        344 | scale_deg2[0][0]  |
|---------------------+-------------------+------------+-------------------|
| logit_deg3 (Dense)  | (None, 8)         |        344 | scale_deg3[0][0]  |
|---------------------+-------------------+------------+-------------------|
| logit_deg4 (Dense)  | (None, 8)         |        344 | scale_deg4[0][0]  |
|---------------------+-------------------+------------+-------------------|
| logit_mlp (Dense)   | (None, 8)         |      1,024 | dense_1[0][0]     |
|---------------------+-------------------+------------+-------------------|
| logit_sum (Add)     | (None, 8)         |          0 | logit_deg1[0][0], |
|                     |                   |            | logit_deg2[0][0], |
|                     |                   |            | logit_deg3[0][0], |
|                     |                   |            | logit_deg4[0][0], |
|                     |                   |            | logit_mlp[0][0]   |
|---------------------+-------------------+------------+-------------------|
| logits (BiasAdd)    | (None, 8)         |          8 | logit_sum[0][0]   |
|---------------------+-------------------+------------+-------------------|
| probs (Activation)  | (None, 8)         |          0 | logits[0][0]      |
+--------------------------------------------------------------------------+
 Total params: 53,147 (207.61 KB)
 Trainable params: 52,627 (205.57 KB)
 Non-trainable params: 520 (2.03 KB)
----------------------------------------------------------------------
trainable     : 52627
non-trainable : 520   (DegreeScale rms/step pairs)
total         : 53147
Table III must quote this total, and the paper must say which of the three numbers it means.

==============================================================
[5/9] parameters  CICIoT2023  nn_mlp
==============================================================
Model: "mlp_baseline"
+--------------------------------------------------------------------------+
| Layer (type)                    | Output Shape           |       Param # |
|---------------------------------+------------------------+---------------|
| inputs (InputLayer)             | (None, 43)             |             0 |
|---------------------------------+------------------------+---------------|
| dense_10 (Dense)                | (None, 256)            |        11,264 |
|---------------------------------+------------------------+---------------|
| batch_normalization_5           | (None, 256)            |         1,024 |
| (BatchNormalization)            |                        |               |
|---------------------------------+------------------------+---------------|
| dropout_5 (Dropout)             | (None, 256)            |             0 |
|---------------------------------+------------------------+---------------|
| dense_11 (Dense)                | (None, 256)            |        65,792 |
|---------------------------------+------------------------+---------------|
| batch_normalization_6           | (None, 256)            |         1,024 |
| (BatchNormalization)            |                        |               |
|---------------------------------+------------------------+---------------|
| dropout_6 (Dropout)             | (None, 256)            |             0 |
|---------------------------------+------------------------+---------------|
| dense_12 (Dense)                | (None, 128)            |        32,896 |
|---------------------------------+------------------------+---------------|
| probs (Dense)                   | (None, 8)              |         1,032 |
+--------------------------------------------------------------------------+
 Total params: 113,032 (441.53 KB)
 Trainable params: 112,008 (437.53 KB)
 Non-trainable params: 1,024 (4.00 KB)
----------------------------------------------------------------------
trainable     : 112008
non-trainable : 1024   (DegreeScale rms/step pairs)
total         : 113032
Table III must quote this total, and the paper must say which of the three numbers it means.

==============================================================
[6/9] seeds  CICIoT2023  degree sweep  (Table II)
==============================================================
file: outputs\tables\seeds_ciciot2023_full_degree4.csv
         count    mean    std
Variant                      
m4           3  0.6668  0.001

seeds present: [1, 2, 3]

Table II and Table III of the paper must quote the same seed count, or state the difference in a footnote.

==============================================================
[7/9] seeds  CICIoT2023  variant comparison  (Table III)
==============================================================
file: outputs\tables\seeds_ciciot2023_full.csv
         count    mean     std
Variant                       
m4           5  0.6672  0.0010
m4g          5  0.6675  0.0069
m4m          5  0.6592  0.0135
nn_mlp       5  0.6757  0.0033

seeds present: [1, 2, 3, 4, 5]

Table II and Table III of the paper must quote the same seed count, or state the difference in a footnote.

==============================================================
[8/9] seeds  NF-UNSW-NB15-v3  degree sweep  (Table II)
==============================================================
file: outputs\tables\seeds_nfunsw_full_degree4.csv
         count    mean     std
Variant                       
m4           3  0.4394  0.0093

seeds present: [1, 2, 3]

Table II and Table III of the paper must quote the same seed count, or state the difference in a footnote.

==============================================================
[9/9] seeds  NF-UNSW-NB15-v3  variant comparison  (Table III)
==============================================================
file: outputs\tables\seeds_nfunsw_full.csv
         count    mean     std
Variant                       
m4           5  0.4387  0.0079
m4g          5  0.4458  0.0066

seeds present: [1, 2, 3, 4, 5]

Table II and Table III of the paper must quote the same seed count, or state the difference in a footnote.
